\BOOKMARK [0][-]{chapter.1}{\376\377\000I\000n\000t\000r\000o\000d\000u\000c\000c\000i\000\363\000n}{}% 1
\BOOKMARK [1][-]{section.1.1}{\376\377\000M\000o\000t\000i\000v\000a\000c\000i\000\363\000n}{chapter.1}% 2
\BOOKMARK [1][-]{section.1.2}{\376\377\000P\000l\000a\000n\000t\000e\000o\000\040\000d\000e\000l\000\040\000p\000r\000o\000b\000l\000e\000m\000a}{chapter.1}% 3
\BOOKMARK [1][-]{section.1.3}{\376\377\000O\000b\000j\000e\000t\000i\000v\000o\000s}{chapter.1}% 4
\BOOKMARK [1][-]{section.1.4}{\376\377\000R\000e\000s\000u\000l\000t\000a\000d\000o\000s\000\040\000e\000s\000p\000e\000r\000a\000d\000o\000s}{chapter.1}% 5
\BOOKMARK [1][-]{section.1.5}{\376\377\000C\000o\000n\000c\000l\000u\000s\000i\000o\000n\000e\000s\000\040\000r\000e\000s\000u\000m\000i\000d\000a\000s}{chapter.1}% 6
\BOOKMARK [1][-]{section.1.6}{\376\377\000O\000r\000g\000a\000n\000i\000z\000a\000c\000i\000\363\000n\000\040\000d\000e\000l\000\040\000d\000o\000c\000u\000m\000e\000n\000t\000o}{chapter.1}% 7
\BOOKMARK [0][-]{chapter.2}{\376\377\000R\000e\000v\000i\000s\000i\000\363\000n\000\040\000d\000e\000\040\000a\000n\000t\000e\000c\000e\000d\000e\000n\000t\000e\000s}{}% 8
\BOOKMARK [1][-]{section.2.1}{\376\377\000I\000n\000t\000r\000o\000d\000u\000c\000c\000i\000\363\000n}{chapter.2}% 9
\BOOKMARK [1][-]{section.2.2}{\376\377\000F\000u\000n\000d\000a\000m\000e\000n\000t\000o\000s\000\040\000p\000s\000i\000c\000o\000p\000e\000d\000a\000g\000\363\000g\000i\000c\000o\000s\000\040\000c\000l\000\341\000s\000i\000c\000o\000s\000:\000\040\000o\000b\000j\000e\000t\000o\000\040\000t\000a\000n\000g\000i\000b\000l\000e\000\040\000y\000\040\000a\000n\000d\000a\000m\000i\000a\000j\000e\000\040\000v\000i\000s\000u\000a\000l}{chapter.2}% 10
\BOOKMARK [1][-]{section.2.3}{\376\377\000E\000l\000\040\000c\000o\000n\000s\000t\000r\000u\000c\000c\000i\000o\000n\000i\000s\000m\000o\000\040\000d\000e\000\040\000P\000a\000p\000e\000r\000t\000\040\000y\000\040\000e\000l\000\040\000b\000u\000c\000l\000e\000\040\000d\000e\000\040\000d\000e\000p\000u\000r\000a\000c\000i\000\363\000n}{chapter.2}% 11
\BOOKMARK [1][-]{section.2.4}{\376\377\000A\000r\000t\000i\000c\000u\000l\000a\000c\000i\000\363\000n\000\040\000c\000u\000r\000r\000i\000c\000u\000l\000a\000r\000\040\000S\000T\000E\000M\000/\000S\000T\000E\000A\000M}{chapter.2}% 12
\BOOKMARK [1][-]{section.2.5}{\376\377\000T\000a\000x\000o\000n\000o\000m\000\355\000a\000\040\000d\000e\000l\000\040\000p\000e\000n\000s\000a\000m\000i\000e\000n\000t\000o\000\040\000c\000o\000m\000p\000u\000t\000a\000c\000i\000o\000n\000a\000l\000\040\000a\000p\000l\000i\000c\000a\000d\000a}{chapter.2}% 13
\BOOKMARK [1][-]{section.2.6}{\376\377\000E\000s\000t\000a\000d\000o\000\040\000d\000e\000l\000\040\000a\000r\000t\000e\000\040\000i\000n\000t\000e\000r\000n\000a\000c\000i\000o\000n\000a\000l\000\040\000y\000\040\000r\000e\000g\000i\000o\000n\000a\000l\000:\000\040\000a\000n\000\341\000l\000i\000s\000i\000s\000\040\000c\000o\000m\000p\000a\000r\000a\000t\000i\000v\000o\000\040\000d\000e\000\040\000p\000l\000a\000t\000a\000f\000o\000r\000m\000a\000s}{chapter.2}% 14
\BOOKMARK [1][-]{section.2.7}{\376\377\000E\000c\000o\000s\000i\000s\000t\000e\000m\000a\000\040\000d\000e\000\040\000r\000o\000b\000\363\000t\000i\000c\000a\000\040\000e\000d\000u\000c\000a\000t\000i\000v\000a\000\040\000e\000n\000\040\000U\000r\000u\000g\000u\000a\000y}{chapter.2}% 15
\BOOKMARK [2][-]{subsection.2.7.1}{\376\377\000I\000n\000f\000r\000a\000e\000s\000t\000r\000u\000c\000t\000u\000r\000a\000\040\000p\000\372\000b\000l\000i\000c\000a\000\040\000d\000e\000l\000\040\000P\000l\000a\000n\000\040\000C\000e\000i\000b\000a\000l}{section.2.7}% 16
\BOOKMARK [2][-]{subsection.2.7.2}{\376\377\000E\000l\000\040\000p\000r\000o\000y\000e\000c\000t\000o\000\040\000B\000u\000t\000i\000\341\000\040\000c\000o\000m\000o\000\040\000a\000n\000t\000e\000c\000e\000d\000e\000n\000t\000e\000\040\000d\000e\000\040\000h\000a\000r\000d\000w\000a\000r\000e\000\040\000a\000b\000i\000e\000r\000t\000o}{section.2.7}% 17
\BOOKMARK [2][-]{subsection.2.7.3}{\376\377\000C\000o\000m\000u\000n\000i\000d\000a\000d\000e\000s\000\040\000d\000e\000\040\000p\000r\000\341\000c\000t\000i\000c\000a\000\040\000y\000\040\000r\000e\000d\000e\000s\000\040\000c\000o\000l\000a\000b\000o\000r\000a\000t\000i\000v\000a\000s}{section.2.7}% 18
\BOOKMARK [1][-]{section.2.8}{\376\377\000P\000l\000a\000t\000a\000f\000o\000r\000m\000a\000\040\000R\000o\000b\000o\000t\000i\000t\000o\000:\000\040\000a\000r\000q\000u\000i\000t\000e\000c\000t\000u\000r\000a\000\040\000d\000e\000\040\000h\000a\000r\000d\000w\000a\000r\000e\000\040\000y\000\040\000s\000o\000f\000t\000w\000a\000r\000e}{chapter.2}% 19
\BOOKMARK [1][-]{section.2.9}{\376\377\000V\000i\000s\000i\000\363\000n\000\040\000a\000r\000t\000i\000f\000i\000c\000i\000a\000l\000\040\000y\000\040\000E\000d\000g\000e\000\040\000C\000o\000m\000p\000u\000t\000i\000n\000g\000\040\000e\000n\000\040\000r\000o\000b\000\363\000t\000i\000c\000a\000\040\000e\000d\000u\000c\000a\000t\000i\000v\000a}{chapter.2}% 20
\BOOKMARK [1][-]{section.2.10}{\376\377\000A\000r\000q\000u\000i\000t\000e\000c\000t\000u\000r\000a\000s\000\040\000d\000e\000\040\000c\000o\000n\000t\000r\000o\000l\000:\000\040\000M\000\341\000q\000u\000i\000n\000a\000s\000\040\000d\000e\000\040\000E\000s\000t\000a\000d\000o\000s\000\040\000F\000i\000n\000i\000t\000o\000s\000\040\000v\000s\000.\000\040\000\301\000r\000b\000o\000l\000e\000s\000\040\000d\000e\000\040\000C\000o\000m\000p\000o\000r\000t\000a\000m\000i\000e\000n\000t\000o}{chapter.2}% 21
\BOOKMARK [1][-]{section.2.11}{\376\377\000U\000s\000a\000b\000i\000l\000i\000d\000a\000d\000\040\000y\000\040\000m\000e\000c\000a\000n\000i\000s\000m\000o\000s\000\040\000d\000e\000\040\000r\000e\000t\000r\000o\000a\000l\000i\000m\000e\000n\000t\000a\000c\000i\000\363\000n\000\040\000e\000n\000\040\000t\000i\000e\000m\000p\000o\000\040\000r\000e\000a\000l}{chapter.2}% 22
\BOOKMARK [1][-]{section.2.12}{\376\377\000C\000o\000n\000c\000l\000u\000s\000i\000o\000n\000e\000s\000\040\000d\000e\000\040\000l\000a\000\040\000r\000e\000v\000i\000s\000i\000\363\000n\000\040\000d\000e\000\040\000a\000n\000t\000e\000c\000e\000d\000e\000n\000t\000e\000s}{chapter.2}% 23
\BOOKMARK [0][-]{chapter.3}{\376\377\000E\000s\000t\000a\000d\000o\000\040\000d\000e\000l\000\040\000a\000r\000t\000e}{}% 24
\BOOKMARK [1][-]{section.3.1}{\376\377\000C\000o\000n\000t\000e\000x\000t\000o\000\040\000y\000\040\000c\000r\000i\000t\000e\000r\000i\000o\000s\000\040\000d\000e\000\040\000s\000e\000l\000e\000c\000c\000i\000\363\000n\000\040\000d\000e\000\040\000c\000\341\000m\000a\000r\000a\000s\000\040\000p\000a\000r\000a\000\040\000v\000i\000s\000i\000\363\000n\000\040\000a\000r\000t\000i\000f\000i\000c\000i\000a\000l}{chapter.3}% 25
\BOOKMARK [2][-]{subsection.3.1.1}{\376\377\000E\000S\000P\0003\0002\000-\000C\000A\000M}{section.3.1}% 26
\BOOKMARK [2][-]{subsection.3.1.2}{\376\377\000P\000i\000x\000y\0002}{section.3.1}% 27
\BOOKMARK [2][-]{subsection.3.1.3}{\376\377\000O\000p\000e\000n\000M\000V\000\040\000C\000a\000m\000\040\000H\0007\000\040\000R\0002}{section.3.1}% 28
\BOOKMARK [2][-]{subsection.3.1.4}{\376\377\000H\000u\000s\000k\000y\000L\000e\000n\000s\000\040\000A\000I}{section.3.1}% 29
\BOOKMARK [1][-]{section.3.2}{\376\377\000C\000o\000n\000c\000l\000u\000s\000i\000\363\000n}{chapter.3}% 30
\BOOKMARK [1][-]{section.3.3}{\376\377\000T\000a\000b\000l\000a\000\040\000c\000o\000m\000p\000a\000r\000a\000t\000i\000v\000a}{chapter.3}% 31
\BOOKMARK [0][-]{chapter.4}{\376\377\000A\000n\000\341\000l\000i\000s\000i\000s\000\040\000d\000e\000l\000\040\000p\000r\000o\000b\000l\000e\000m\000a\000\040\000y\000\040\000d\000i\000s\000e\000\361\000o\000\040\000d\000e\000\040\000l\000a\000\040\000s\000o\000l\000u\000c\000i\000\363\000n}{}% 32
\BOOKMARK [1][-]{section.4.1}{\376\377\000A\000n\000\341\000l\000i\000s\000i\000s\000\040\000d\000e\000l\000\040\000p\000r\000o\000b\000l\000e\000m\000a}{chapter.4}% 33
\BOOKMARK [2][-]{subsection.4.1.1}{\376\377\000R\000e\000q\000u\000e\000r\000i\000m\000i\000e\000n\000t\000o\000s\000\040\000d\000e\000\040\000l\000a\000\040\000s\000o\000l\000u\000c\000i\000\363\000n}{section.4.1}% 34
\BOOKMARK [1][-]{section.4.2}{\376\377\000D\000i\000s\000e\000\361\000o\000\040\000d\000e\000\040\000l\000a\000\040\000s\000o\000l\000u\000c\000i\000\363\000n}{chapter.4}% 35
\BOOKMARK [2][-]{subsection.4.2.1}{\376\377\000D\000e\000c\000i\000s\000i\000\363\000n\000\040\000a\000r\000q\000u\000i\000t\000e\000c\000t\000\363\000n\000i\000c\000a\000\040\000p\000a\000r\000a\000\040\000l\000a\000\040\000p\000e\000r\000c\000e\000p\000c\000i\000\363\000n\000\040\000v\000i\000s\000u\000a\000l}{section.4.2}% 36
\BOOKMARK [2][-]{subsection.4.2.2}{\376\377\000D\000e\000c\000i\000s\000i\000\363\000n\000\040\000a\000r\000q\000u\000i\000t\000e\000c\000t\000\363\000n\000i\000c\000a\000\040\000p\000a\000r\000a\000\040\000e\000l\000\040\000c\000o\000n\000t\000r\000o\000l\000\040\000d\000e\000l\000\040\000c\000o\000m\000p\000o\000r\000t\000a\000m\000i\000e\000n\000t\000o}{section.4.2}% 37
\BOOKMARK [2][-]{subsection.4.2.3}{\376\377\000I\000n\000t\000e\000g\000r\000a\000c\000i\000\363\000n\000\040\000c\000o\000n\000\040\000l\000a\000\040\000a\000c\000t\000i\000v\000i\000d\000a\000d\000\040\000e\000d\000u\000c\000a\000t\000i\000v\000a}{section.4.2}% 38
\BOOKMARK [2][-]{subsection.4.2.4}{\376\377\000I\000n\000t\000e\000g\000r\000a\000c\000i\000\363\000n\000\040\000f\000\355\000s\000i\000c\000a}{section.4.2}% 39
\BOOKMARK [1][-]{section.4.3}{\376\377\000J\000u\000s\000t\000i\000f\000i\000c\000a\000c\000i\000\363\000n\000\040\000d\000e\000\040\000l\000a\000s\000\040\000d\000e\000c\000i\000s\000i\000o\000n\000e\000s\000\040\000d\000e\000\040\000d\000i\000s\000e\000\361\000o}{chapter.4}% 40
\BOOKMARK [0][-]{chapter.5}{\376\377\000M\000\363\000d\000u\000l\000o\000\040\000H\000u\000s\000k\000y\000L\000e\000n\000s}{}% 41
\BOOKMARK [1][-]{section.5.1}{\376\377\000H\000a\000r\000d\000w\000a\000r\000e\000\040\000y\000\040\000c\000o\000n\000e\000x\000i\000\363\000n}{chapter.5}% 42
\BOOKMARK [2][-]{subsection.5.1.1}{\376\377\000A\000s\000i\000g\000n\000a\000c\000i\000\363\000n\000\040\000d\000e\000\040\000p\000i\000n\000e\000s\000\040\000\050\000m\000o\000d\000o\000\040\000I\0002\000C\000\051}{section.5.1}% 43
\BOOKMARK [2][-]{subsection.5.1.2}{\376\377\000C\000o\000n\000e\000x\000i\000\363\000n\000\040\000e\000l\000\351\000c\000t\000r\000i\000c\000a\000\040\000c\000o\000n\000\040\000E\000S\000P\0003\0002\000\040\000\050\000L\000u\000a\000-\000R\000T\000O\000S\000\051}{section.5.1}% 44
\BOOKMARK [2][-]{subsection.5.1.3}{\376\377\000T\000o\000p\000o\000l\000o\000g\000\355\000a\000\040\000d\000e\000l\000\040\000b\000u\000s\000\040\000I\0002\000C}{section.5.1}% 45
\BOOKMARK [1][-]{section.5.2}{\376\377\000C\000o\000m\000u\000n\000i\000c\000a\000c\000i\000\363\000n\000\040\000I\0002\000C\000\040\000y\000\040\000p\000r\000o\000t\000o\000c\000o\000l\000o\000\040\000d\000e\000\040\000a\000p\000l\000i\000c\000a\000c\000i\000\363\000n}{chapter.5}% 46
\BOOKMARK [2][-]{subsection.5.2.1}{\376\377\000E\000s\000t\000r\000u\000c\000t\000u\000r\000a\000\040\000d\000e\000\040\000l\000o\000s\000\040\000f\000r\000a\000m\000e\000s\000\040\000d\000e\000l\000\040\000p\000r\000o\000t\000o\000c\000o\000l\000o\000\040\000H\000u\000s\000k\000y\000L\000e\000n\000s}{section.5.2}% 47
\BOOKMARK [2][-]{subsection.5.2.2}{\376\377\000P\000a\000r\000s\000e\000r\000\040\000i\000n\000c\000r\000e\000m\000e\000n\000t\000a\000l\000\040\000y\000\040\000r\000e\000c\000o\000n\000s\000t\000r\000u\000c\000c\000i\000\363\000n\000\040\000d\000e\000\040\000f\000r\000a\000m\000e\000s}{section.5.2}% 48
\BOOKMARK [2][-]{subsection.5.2.3}{\376\377\000M\000a\000n\000e\000j\000o\000\040\000d\000e\000\040\000l\000e\000f\000t\000o\000v\000e\000r\000s}{section.5.2}% 49
\BOOKMARK [1][-]{section.5.3}{\376\377\000A\000r\000q\000u\000i\000t\000e\000c\000t\000u\000r\000a\000\040\000d\000e\000l\000\040\000s\000o\000f\000t\000w\000a\000r\000e\000\040\000y\000\040\000f\000l\000u\000j\000o\000\040\000d\000e\000\040\000f\000u\000n\000c\000i\000o\000n\000a\000m\000i\000e\000n\000t\000o}{chapter.5}% 50
\BOOKMARK [2][-]{subsection.5.3.1}{\376\377\000I\000n\000i\000c\000i\000a\000l\000i\000z\000a\000c\000i\000\363\000n\000\040\000y\000\040\000g\000e\000s\000t\000i\000\363\000n\000\040\000d\000e\000l\000\040\000b\000u\000s\000\040\000I\0002\000C}{section.5.3}% 51
\BOOKMARK [2][-]{subsection.5.3.2}{\376\377\000S\000i\000n\000c\000r\000o\000n\000i\000z\000a\000c\000i\000\363\000n\000\040\000p\000o\000s\000t\000e\000r\000i\000o\000r\000\040\000a\000l\000\040\000c\000a\000m\000b\000i\000o\000\040\000d\000e\000\040\000a\000l\000g\000o\000r\000i\000t\000m\000o}{section.5.3}% 52
\BOOKMARK [2][-]{subsection.5.3.3}{\376\377\000G\000e\000s\000t\000i\000\363\000n\000\040\000d\000e\000\040\000p\000r\000o\000t\000o\000c\000o\000l\000o\000\040\000y\000\040\000t\000e\000m\000p\000o\000r\000i\000z\000a\000c\000i\000\363\000n}{section.5.3}% 53
\BOOKMARK [2][-]{subsection.5.3.4}{\376\377\000P\000e\000t\000i\000c\000i\000\363\000n\000\040\000d\000e\000\040\000d\000a\000t\000o\000s\000\040\000y\000\040\000r\000e\000c\000e\000p\000c\000i\000\363\000n\000\040\000d\000e\000\040\000r\000e\000s\000u\000l\000t\000a\000d\000o\000s}{section.5.3}% 54
\BOOKMARK [1][-]{section.5.4}{\376\377\000F\000o\000r\000m\000a\000t\000o\000\040\000d\000e\000\040\000d\000a\000t\000o\000s\000\040\000p\000r\000o\000p\000o\000r\000c\000i\000o\000n\000a\000d\000o\000\040\000p\000o\000r\000\040\000H\000u\000s\000k\000y\000L\000e\000n\000s}{chapter.5}% 55
\BOOKMARK [2][-]{subsection.5.4.1}{\376\377\000E\000s\000t\000r\000u\000c\000t\000u\000r\000a\000\040\000d\000e\000\040\000d\000a\000t\000o\000s\000\040\000p\000a\000r\000a\000\040\000b\000l\000o\000q\000u\000e\000s}{section.5.4}% 56
\BOOKMARK [2][-]{subsection.5.4.2}{\376\377\000E\000s\000t\000r\000u\000c\000t\000u\000r\000a\000\040\000d\000e\000\040\000d\000a\000t\000o\000s\000\040\000p\000a\000r\000a\000\040\000f\000l\000e\000c\000h\000a\000s}{section.5.4}% 57
\BOOKMARK [1][-]{section.5.5}{\376\377\000A\000l\000g\000o\000r\000i\000t\000m\000o\000s\000\040\000d\000e\000\040\000v\000i\000s\000i\000\363\000n\000\040\000s\000o\000p\000o\000r\000t\000a\000d\000o\000s}{chapter.5}% 58
\BOOKMARK [1][-]{section.5.6}{\376\377\000F\000u\000n\000c\000i\000o\000n\000a\000l\000i\000d\000a\000d\000\040\000e\000x\000p\000u\000e\000s\000t\000a\000\040\000p\000o\000r\000\040\000e\000l\000\040\000m\000\363\000d\000u\000l\000o}{chapter.5}% 59
\BOOKMARK [1][-]{section.5.7}{\376\377\000U\000s\000o\000\040\000d\000e\000s\000d\000e\000\040\000l\000a\000\040\000a\000p\000l\000i\000c\000a\000c\000i\000\363\000n\000\040\000\050\000C\000\040\000y\000\040\000L\000u\000a\000\051}{chapter.5}% 60
\BOOKMARK [0][-]{chapter.6}{\376\377\000M\000\363\000d\000u\000l\000o\000\040\000d\000e\000\040\000C\000o\000m\000u\000n\000i\000c\000a\000c\000i\000\363\000n\000\040\000B\000l\000u\000e\000t\000o\000o\000t\000h\000\040\000\050\000R\000o\000b\000o\000t\000i\000t\000o\000\040\000B\000L\000E\000\051}{}% 61
\BOOKMARK [1][-]{section.6.1}{\376\377\000C\000o\000n\000f\000i\000g\000u\000r\000a\000c\000i\000\363\000n\000\040\000D\000i\000n\000\341\000m\000i\000c\000a\000\040\000y\000\040\000C\000o\000n\000e\000x\000i\000\363\000n\000\040\000c\000o\000n\000\040\000l\000a\000\040\000A\000p\000p\000\040\000W\000e\000b}{chapter.6}% 62
\BOOKMARK [1][-]{section.6.2}{\376\377\000G\000e\000s\000t\000i\000\363\000n\000\040\000d\000e\000\040\000D\000a\000t\000o\000s\000\040\000y\000\040\000P\000e\000r\000s\000i\000s\000t\000e\000n\000c\000i\000a\000\040\000\050\000H\000u\000s\000k\000y\000L\000e\000n\000s\000\040\000M\000a\000p\000p\000e\000r\000\051}{chapter.6}% 63
\BOOKMARK [2][-]{subsection.6.2.1}{\376\377\000A\000l\000m\000a\000c\000e\000n\000a\000m\000i\000e\000n\000t\000o\000\040\000N\000o\000\040\000V\000o\000l\000\341\000t\000i\000l\000\040\000\050\000N\000V\000S\000\051}{section.6.2}% 64
\BOOKMARK [1][-]{section.6.3}{\376\377\000A\000r\000q\000u\000i\000t\000e\000c\000t\000u\000r\000a\000\040\000M\000u\000l\000t\000i\000t\000a\000r\000e\000a\000\040\000y\000\040\000S\000i\000n\000c\000r\000o\000n\000i\000z\000a\000c\000i\000\363\000n}{chapter.6}% 65
\BOOKMARK [2][-]{subsection.6.3.1}{\376\377\000D\000e\000s\000a\000c\000o\000p\000l\000a\000m\000i\000e\000n\000t\000o\000\040\000m\000e\000d\000i\000a\000n\000t\000e\000\040\000R\000i\000n\000g\000b\000u\000f\000f\000e\000r\000s}{section.6.3}% 66
\BOOKMARK [2][-]{subsection.6.3.2}{\376\377\000C\000o\000m\000u\000n\000i\000c\000a\000c\000i\000\363\000n\000\040\000e\000n\000t\000r\000e\000\040\000C\000a\000p\000a\000s\000\040\000\050\000C\000a\000l\000l\000b\000a\000c\000k\000s\000\051}{section.6.3}% 67
\BOOKMARK [2][-]{subsection.6.3.3}{\376\377\000I\000n\000t\000e\000g\000r\000i\000d\000a\000d\000\040\000d\000e\000\040\000D\000a\000t\000o\000s\000\040\000y\000\040\000M\000u\000t\000e\000x\000e\000s}{section.6.3}% 68
\BOOKMARK [1][-]{section.6.4}{\376\377\000I\000n\000t\000e\000r\000f\000a\000z\000\040\000c\000o\000n\000\040\000l\000a\000\040\000C\000a\000p\000a\000\040\000d\000e\000\040\000A\000p\000l\000i\000c\000a\000c\000i\000\363\000n\000\040\000\050\000A\000P\000I\000\040\000L\000u\000a\000\051}{chapter.6}% 69
\BOOKMARK [0][-]{chapter.7}{\376\377\000B\000e\000h\000a\000v\000i\000o\000r\000\040\000T\000r\000e\000e\000s\000\040\000\050\000B\000T\000\051}{}% 70
\BOOKMARK [1][-]{section.7.1}{\376\377\000F\000u\000n\000d\000a\000m\000e\000n\000t\000o\000s\000\040\000t\000e\000\363\000r\000i\000c\000o\000s}{chapter.7}% 71
\BOOKMARK [2][-]{subsection.7.1.1}{\376\377\000B\000e\000h\000a\000v\000i\000o\000r\000\040\000T\000r\000e\000e\000s\000\040\000e\000n\000\040\000R\000o\000b\000\363\000t\000i\000c\000a}{section.7.1}% 72
\BOOKMARK [1][-]{section.7.2}{\376\377\000I\000m\000p\000l\000e\000m\000e\000n\000t\000a\000c\000i\000\363\000n\000\040\000d\000e\000l\000\040\000m\000o\000t\000o\000r\000\040\000B\000T}{chapter.7}% 73
\BOOKMARK [0][-]{chapter.8}{\376\377\000C\000r\000e\000a\000c\000i\000\363\000n\000\040\000d\000e\000l\000\040\000j\000u\000e\000g\000o\000\040\000\050\000r\000e\000g\000l\000a\000s\000,\000\040\000d\000i\000n\000\341\000m\000i\000c\000a\000\040\000y\000\040\000o\000b\000j\000e\000t\000i\000v\000o\000s\000\040\000p\000e\000d\000a\000g\000\363\000g\000i\000c\000o\000s\000\051}{}% 74
\BOOKMARK [1][-]{section.8.1}{\376\377\000D\000i\000s\000e\000\361\000o\000\040\000y\000\040\000d\000i\000n\000\341\000m\000i\000c\000a\000\040\000d\000e\000l\000\040\000j\000u\000e\000g\000o}{chapter.8}% 75
\BOOKMARK [2][-]{subsection.8.1.1}{\376\377\000R\000e\000g\000l\000a\000s\000\040\000d\000e\000l\000\040\000j\000u\000e\000g\000o}{section.8.1}% 76
\BOOKMARK [2][-]{subsection.8.1.2}{\376\377\000M\000o\000d\000o\000\040\000p\000a\000u\000s\000a\000\040\000y\000\040\000m\000o\000d\000o\000\040\000r\000e\000s\000e\000t}{section.8.1}% 77
\BOOKMARK [2][-]{subsection.8.1.3}{\376\377\000I\000m\000p\000l\000e\000m\000e\000n\000t\000a\000c\000i\000\363\000n\000\040\000d\000e\000l\000\040\000j\000u\000e\000g\000o\000\040\000u\000t\000i\000l\000i\000z\000a\000n\000d\000o\000\040\000B\000T}{section.8.1}% 78
\BOOKMARK [2][-]{subsection.8.1.4}{\376\377\000D\000i\000n\000\341\000m\000i\000c\000a\000\040\000i\000n\000t\000e\000r\000a\000c\000t\000i\000v\000a}{section.8.1}% 79
\BOOKMARK [2][-]{subsection.8.1.5}{\376\377\000O\000b\000j\000e\000t\000i\000v\000o\000s\000\040\000p\000e\000d\000a\000g\000\363\000g\000i\000c\000o\000s}{section.8.1}% 80
\BOOKMARK [2][-]{subsection.8.1.6}{\376\377\000V\000a\000r\000i\000e\000d\000a\000d\000\040\000y\000\040\000a\000d\000a\000p\000t\000a\000b\000i\000l\000i\000d\000a\000d\000\040\000d\000e\000\040\000l\000a\000\040\000a\000c\000t\000i\000v\000i\000d\000a\000d}{section.8.1}% 81
\BOOKMARK [0][-]{chapter.9}{\376\377\000C\000o\000n\000f\000i\000g\000u\000r\000a\000d\000o\000r\000\040\000w\000e\000b\000\040\000p\000a\000r\000a\000\040\000l\000a\000\040\000p\000r\000e\000p\000a\000r\000a\000c\000i\000\363\000n\000\040\000d\000e\000\040\000s\000e\000c\000u\000e\000n\000c\000i\000a\000s\000\040\000d\000e\000\040\000R\000o\000b\000o\000t\000i\000t\000o}{}% 82
\BOOKMARK [1][-]{section.9.1}{\376\377\000I\000n\000t\000r\000o\000d\000u\000c\000c\000i\000\363\000n\000\040\000y\000\040\000r\000e\000q\000u\000e\000r\000i\000m\000i\000e\000n\000t\000o\000s\000\040\000f\000u\000n\000c\000i\000o\000n\000a\000l\000e\000s}{chapter.9}% 83
\BOOKMARK [1][-]{section.9.2}{\376\377\000R\000o\000l\000\040\000d\000e\000l\000\040\000c\000o\000n\000f\000i\000g\000u\000r\000a\000d\000o\000r\000\040\000d\000e\000n\000t\000r\000o\000\040\000d\000e\000l\000\040\000s\000i\000s\000t\000e\000m\000a}{chapter.9}% 84
\BOOKMARK [1][-]{section.9.3}{\376\377\000L\000e\000c\000t\000u\000r\000a\000\040\000d\000e\000\040\000t\000a\000g\000s\000\040\000d\000e\000s\000d\000e\000\040\000l\000a\000\040\000c\000\341\000m\000a\000r\000a}{chapter.9}% 85
\BOOKMARK [1][-]{section.9.4}{\376\377\000G\000e\000s\000t\000i\000\363\000n\000\040\000l\000\363\000g\000i\000c\000a\000\040\000d\000e\000\040\000t\000a\000g\000s\000\040\000e\000\040\000i\000n\000t\000e\000r\000c\000a\000m\000b\000i\000a\000b\000i\000l\000i\000d\000a\000d}{chapter.9}% 86
\BOOKMARK [1][-]{section.9.5}{\376\377\000C\000o\000n\000s\000t\000r\000u\000c\000c\000i\000\363\000n\000\040\000y\000\040\000v\000a\000l\000i\000d\000a\000c\000i\000\363\000n\000\040\000d\000e\000\040\000s\000e\000c\000u\000e\000n\000c\000i\000a\000s}{chapter.9}% 87
\BOOKMARK [1][-]{section.9.6}{\376\377\000T\000r\000a\000n\000s\000f\000e\000r\000e\000n\000c\000i\000a\000\040\000d\000e\000\040\000l\000a\000\040\000c\000o\000n\000f\000i\000g\000u\000r\000a\000c\000i\000\363\000n\000\040\000a\000l\000\040\000r\000o\000b\000o\000t}{chapter.9}% 88
\BOOKMARK [1][-]{section.9.7}{\376\377\000B\000i\000b\000l\000i\000o\000t\000e\000c\000a\000\040\000d\000e\000\040\000a\000c\000t\000i\000v\000i\000d\000a\000d\000e\000s}{chapter.9}% 89
\BOOKMARK [1][-]{section.9.8}{\376\377\000E\000v\000a\000l\000u\000a\000c\000i\000\363\000n\000\040\000f\000u\000n\000c\000i\000o\000n\000a\000l\000\040\000d\000e\000l\000\040\000c\000o\000n\000f\000i\000g\000u\000r\000a\000d\000o\000r}{chapter.9}% 90
\BOOKMARK [1][-]{section.9.9}{\376\377\000P\000r\000u\000e\000b\000a\000s\000\040\000f\000u\000n\000c\000i\000o\000n\000a\000l\000e\000s\000\040\000d\000e\000l\000\040\000s\000i\000s\000t\000e\000m\000a}{chapter.9}% 91
\BOOKMARK [0][-]{chapter.10}{\376\377\000E\000x\000p\000e\000r\000i\000m\000e\000n\000t\000a\000c\000i\000\363\000n}{}% 92
\BOOKMARK [1][-]{section.10.1}{\376\377\000I\000n\000t\000r\000o\000d\000u\000c\000c\000i\000\363\000n}{chapter.10}% 93
\BOOKMARK [1][-]{section.10.2}{\376\377\000E\000n\000t\000r\000e\000v\000i\000s\000t\000a\000s\000\040\000c\000o\000n\000\040\000d\000o\000c\000e\000n\000t\000e\000s}{chapter.10}% 94
\BOOKMARK [1][-]{section.10.3}{\376\377\000P\000r\000i\000m\000e\000r\000a\000\040\000s\000e\000s\000i\000\363\000n\000\040\000p\000r\000\341\000c\000t\000i\000c\000a\000\040\000c\000o\000n\000\040\000e\000s\000t\000u\000d\000i\000a\000n\000t\000e\000s}{chapter.10}% 95
\BOOKMARK [1][-]{section.10.4}{\376\377\000S\000e\000g\000u\000n\000d\000a\000\040\000s\000e\000s\000i\000\363\000n\000\040\000p\000r\000\341\000c\000t\000i\000c\000a\000\040\000c\000o\000n\000\040\000e\000s\000t\000u\000d\000i\000a\000n\000t\000e\000s}{chapter.10}% 96
\BOOKMARK [1][-]{section.10.5}{\376\377\000R\000e\000t\000r\000o\000a\000l\000i\000m\000e\000n\000t\000a\000c\000i\000\363\000n\000\040\000d\000e\000\040\000l\000a\000s\000\040\000e\000n\000t\000r\000e\000v\000i\000s\000t\000a\000s\000\040\000d\000o\000c\000e\000n\000t\000e\000s}{chapter.10}% 97
\BOOKMARK [2][-]{subsection.10.5.1}{\376\377\000D\000i\000s\000e\000\361\000o\000\040\000d\000e\000\040\000m\000a\000t\000e\000r\000i\000a\000l\000e\000s\000\040\000y\000\040\000e\000l\000e\000m\000e\000n\000t\000o\000s\000\040\000v\000i\000s\000u\000a\000l\000e\000s}{section.10.5}% 98
\BOOKMARK [2][-]{subsection.10.5.2}{\376\377\000S\000i\000s\000t\000e\000m\000a\000\040\000d\000e\000\040\000t\000a\000r\000j\000e\000t\000a\000s\000\040\000c\000o\000n\000\040\000c\000\363\000d\000i\000g\000o\000s\000\040\000Q\000R}{section.10.5}% 99
\BOOKMARK [2][-]{subsection.10.5.3}{\376\377\000P\000r\000o\000g\000r\000e\000s\000i\000\363\000n\000\040\000p\000e\000d\000a\000g\000\363\000g\000i\000c\000a\000\040\000y\000\040\000e\000t\000a\000p\000a\000s\000\040\000d\000i\000f\000e\000r\000e\000n\000c\000i\000a\000d\000a\000s}{section.10.5}% 100
\BOOKMARK [2][-]{subsection.10.5.4}{\376\377\000R\000e\000t\000r\000o\000a\000l\000i\000m\000e\000n\000t\000a\000c\000i\000\363\000n\000\040\000d\000e\000l\000\040\000r\000o\000b\000o\000t}{section.10.5}% 101
\BOOKMARK [2][-]{subsection.10.5.5}{\376\377\000C\000o\000n\000t\000r\000o\000l\000\040\000d\000e\000l\000\040\000f\000l\000u\000j\000o\000\040\000d\000e\000\040\000l\000a\000\040\000a\000c\000t\000i\000v\000i\000d\000a\000d}{section.10.5}% 102
\BOOKMARK [2][-]{subsection.10.5.6}{\376\377\000A\000p\000l\000i\000c\000a\000c\000i\000o\000n\000e\000s\000\040\000c\000u\000r\000r\000i\000c\000u\000l\000a\000r\000e\000s}{section.10.5}% 103
\BOOKMARK [2][-]{subsection.10.5.7}{\376\377\000D\000u\000r\000a\000c\000i\000\363\000n\000\040\000y\000\040\000o\000r\000g\000a\000n\000i\000z\000a\000c\000i\000\363\000n\000\040\000d\000e\000\040\000l\000a\000s\000\040\000a\000c\000t\000i\000v\000i\000d\000a\000d\000e\000s}{section.10.5}% 104
\BOOKMARK [1][-]{section.10.6}{\376\377\000O\000b\000s\000e\000r\000v\000a\000c\000i\000o\000n\000e\000s\000\040\000d\000e\000\040\000l\000a\000\040\000p\000r\000i\000m\000e\000r\000a\000\040\000s\000e\000s\000i\000\363\000n\000\040\000c\000o\000n\000\040\000e\000s\000t\000u\000d\000i\000a\000n\000t\000e\000s}{chapter.10}% 105
\BOOKMARK [2][-]{subsection.10.6.1}{\376\377\000C\000o\000m\000p\000r\000e\000n\000s\000i\000\363\000n\000\040\000d\000e\000l\000\040\000s\000i\000s\000t\000e\000m\000a}{section.10.6}% 106
\BOOKMARK [2][-]{subsection.10.6.2}{\376\377\000A\000u\000t\000o\000n\000o\000m\000\355\000a\000\040\000e\000n\000\040\000e\000l\000\040\000a\000r\000m\000a\000d\000o}{section.10.6}% 107
\BOOKMARK [2][-]{subsection.10.6.3}{\376\377\000M\000o\000t\000i\000v\000a\000c\000i\000\363\000n\000\040\000y\000\040\000c\000o\000m\000p\000r\000o\000m\000i\000s\000o}{section.10.6}% 108
\BOOKMARK [2][-]{subsection.10.6.4}{\376\377\000R\000e\000a\000c\000c\000i\000\363\000n\000\040\000a\000n\000t\000e\000\040\000e\000r\000r\000o\000r\000e\000s}{section.10.6}% 109
\BOOKMARK [2][-]{subsection.10.6.5}{\376\377\000C\000o\000l\000a\000b\000o\000r\000a\000c\000i\000\363\000n}{section.10.6}% 110
\BOOKMARK [1][-]{section.10.7}{\376\377\000O\000b\000s\000e\000r\000v\000a\000c\000i\000o\000n\000e\000s\000\040\000d\000e\000\040\000l\000a\000\040\000s\000e\000g\000u\000n\000d\000a\000\040\000s\000e\000s\000i\000\363\000n\000\040\000c\000o\000n\000\040\000e\000s\000t\000u\000d\000i\000a\000n\000t\000e\000s}{chapter.10}% 111
\BOOKMARK [2][-]{subsection.10.7.1}{\376\377\000C\000o\000m\000p\000r\000e\000n\000s\000i\000\363\000n\000\040\000d\000e\000l\000\040\000s\000i\000s\000t\000e\000m\000a}{section.10.7}% 112
\BOOKMARK [2][-]{subsection.10.7.2}{\376\377\000R\000o\000l\000\040\000d\000e\000\040\000l\000a\000s\000\040\000d\000o\000c\000e\000n\000t\000e\000s\000\040\000d\000u\000r\000a\000n\000t\000e\000\040\000l\000a\000\040\000a\000c\000t\000i\000v\000i\000d\000a\000d}{section.10.7}% 113
\BOOKMARK [2][-]{subsection.10.7.3}{\376\377\000P\000a\000r\000t\000i\000c\000i\000p\000a\000c\000i\000\363\000n\000\040\000e\000\040\000i\000n\000t\000e\000r\000\351\000s}{section.10.7}% 114
\BOOKMARK [2][-]{subsection.10.7.4}{\376\377\000A\000d\000e\000c\000u\000a\000c\000i\000\363\000n\000\040\000d\000e\000\040\000l\000a\000\040\000a\000c\000t\000i\000v\000i\000d\000a\000d\000\040\000p\000a\000r\000a\000\040\000e\000d\000u\000c\000a\000c\000i\000\363\000n\000\040\000i\000n\000i\000c\000i\000a\000l}{section.10.7}% 115
\BOOKMARK [1][-]{section.10.8}{\376\377\000A\000n\000\341\000l\000i\000s\000i\000s\000\040\000y\000\040\000d\000i\000s\000c\000u\000s\000i\000\363\000n}{chapter.10}% 116
\BOOKMARK [2][-]{subsection.10.8.1}{\376\377\000F\000o\000r\000t\000a\000l\000e\000z\000a\000s\000\040\000i\000d\000e\000n\000t\000i\000f\000i\000c\000a\000d\000a\000s}{section.10.8}% 117
\BOOKMARK [2][-]{subsection.10.8.2}{\376\377\000D\000e\000s\000a\000f\000\355\000o\000s\000\040\000y\000\040\000\341\000r\000e\000a\000s\000\040\000d\000e\000\040\000m\000e\000j\000o\000r\000a}{section.10.8}% 118
\BOOKMARK [2][-]{subsection.10.8.3}{\376\377\000V\000a\000l\000i\000d\000a\000c\000i\000\363\000n\000\040\000d\000e\000\040\000d\000e\000c\000i\000s\000i\000o\000n\000e\000s\000\040\000d\000e\000\040\000d\000i\000s\000e\000\361\000o}{section.10.8}% 119
\BOOKMARK [1][-]{section.10.9}{\376\377\000A\000j\000u\000s\000t\000e\000s\000\040\000r\000e\000a\000l\000i\000z\000a\000d\000o\000s\000\040\000b\000a\000s\000a\000d\000o\000s\000\040\000e\000n\000\040\000e\000l\000\040\000f\000e\000e\000d\000b\000a\000c\000k}{chapter.10}% 120
\BOOKMARK [2][-]{subsection.10.9.1}{\376\377\000A\000j\000u\000s\000t\000e\000s\000\040\000i\000m\000p\000l\000e\000m\000e\000n\000t\000a\000d\000o\000s}{section.10.9}% 121
\BOOKMARK [1][-]{section.10.10}{\376\377\000C\000o\000n\000c\000l\000u\000s\000i\000o\000n\000e\000s\000\040\000d\000e\000l\000\040\000p\000r\000o\000c\000e\000s\000o\000\040\000d\000e\000\040\000e\000x\000p\000e\000r\000i\000m\000e\000n\000t\000a\000c\000i\000\363\000n}{chapter.10}% 122
\BOOKMARK [0][-]{chapter.11}{\376\377\000C\000o\000n\000c\000l\000u\000s\000i\000o\000n\000e\000s\000\040\000y\000\040\000T\000r\000a\000b\000a\000j\000o\000\040\000F\000u\000t\000u\000r\000o}{}% 123
\BOOKMARK [1][-]{section.11.1}{\376\377\000C\000o\000n\000c\000l\000u\000s\000i\000o\000n\000e\000s}{chapter.11}% 124
\BOOKMARK [1][-]{section.11.2}{\376\377\000L\000\355\000n\000e\000a\000s\000\040\000d\000e\000\040\000t\000r\000a\000b\000a\000j\000o\000\040\000f\000u\000t\000u\000r\000o}{chapter.11}% 125
\BOOKMARK [0][-]{chapter*.89}{\376\377\000R\000e\000f\000e\000r\000e\000n\000c\000i\000a\000s}{}% 126
\BOOKMARK [0][-]{appendix.Alph1}{\376\377\000M\000o\000d\000e\000l\000a\000d\000o\000\040\000d\000e\000\040\000c\000a\000r\000c\000a\000s\000a\000\040\000p\000a\000r\000a\000\040\000R\000o\000b\000o\000t\000i\000t\000o}{}% 127
\BOOKMARK [1][-]{section.Alph1.1}{\376\377\000D\000e\000s\000a\000r\000r\000o\000l\000l\000o\000\040\000d\000e\000l\000\040\000d\000i\000s\000e\000\361\000o\000\040\000d\000e\000\040\000l\000a\000\040\000c\000a\000r\000c\000a\000s\000a}{appendix.Alph1}% 128
\BOOKMARK [2][-]{subsection.Alph1.1.1}{\376\377\000D\000i\000s\000e\000\361\000o\000\040\000c\000o\000n\000c\000e\000p\000t\000u\000a\000l}{section.Alph1.1}% 129
\BOOKMARK [2][-]{subsection.Alph1.1.2}{\376\377\000P\000r\000o\000c\000e\000s\000o\000\040\000d\000e\000\040\000m\000o\000d\000e\000l\000a\000d\000o\000\040\000C\000A\000D}{section.Alph1.1}% 130
\BOOKMARK [2][-]{subsection.Alph1.1.3}{\376\377\000R\000e\000s\000u\000l\000t\000a\000d\000o\000s\000\040\000y\000\040\000m\000e\000j\000o\000r\000a\000s\000\040\000f\000u\000t\000u\000r\000a\000s}{section.Alph1.1}% 131
