**
(mainV3.tex
LaTeX2e <2021-11-15> patch level 1
L3 programming layer <2022-02-24> (prgrado.cls
Document Class: prgrado 08/06/2023 2.1 Clase LaTeX Proyectos de Grado - InCo, F
Ing, UdelaR 
(book.cls
Document Class: book 2021/10/04 v1.4n Standard LaTeX document class
(bk10.clo
File: bk10.clo 2021/10/04 v1.4n Standard LaTeX file (size option)
)
\c@part=\count181
\c@chapter=\count182
\c@section=\count183
\c@subsection=\count184
\c@subsubsection=\count185
\c@paragraph=\count186
\c@subparagraph=\count187
\c@figure=\count188
\c@table=\count189
\abovecaptionskip=\skip47
\belowcaptionskip=\skip48
\bibindent=\dimen138
) (inputenc.sty
Package: inputenc 2021/02/14 v1.3d Input encoding file
\inpenc@prehook=\toks16
\inpenc@posthook=\toks17


Package inputenc Warning: inputenc package ignored with utf8 based engines.

) (babel.sty
Package: babel 2022/02/26 3.73 The Babel package
\babel@savecnt=\count190
\U@D=\dimen139
\l@unhyphenated=\language87
 (xebabel.def (txtbabel.def))
\bbl@readstream=\read2
\bbl@dirlevel=\count191
 (spanish.ldf
Language: spanish.ldf 2021/05/27 v5.0q Spanish support from the babel system
\es@quottoks=\toks18
\es@quotdepth=\count192
Package babel Info: Making " an active character on input line 570.
Package babel Info: Making . an active character on input line 675.
Package babel Info: Making < an active character on input line 722.
Package babel Info: Making > an active character on input line 722.
)) (hyperref.sty
Package: hyperref 2022-02-21 v7.00n Hypertext links for LaTeX

(ltxcmds.sty
Package: ltxcmds 2020-05-10 v1.25 LaTeX kernel commands for general use (HO)
) (iftex.sty
Package: iftex 2022/02/03 v1.0f TeX engine tests
) (pdftexcmds.sty
Package: pdftexcmds 2020-06-27 v0.33 Utility functions of pdfTeX for LuaTeX (HO
)
 (infwarerr.sty
Package: infwarerr 2019/12/03 v1.5 Providing info/warning/error messages (HO)
)
Package pdftexcmds Info: \pdf@primitive is available.
Package pdftexcmds Info: \pdf@ifprimitive is available.
Package pdftexcmds Info: \pdfdraftmode not found.
) (keyval.sty
Package: keyval 2014/10/28 v1.15 key=value parser (DPC)
\KV@toks@=\toks19
)
(kvsetkeys.sty
Package: kvsetkeys 2019/12/15 v1.18 Key value parser (HO)
) (kvdefinekeys.sty
Package: kvdefinekeys 2019-12-19 v1.6 Define keys (HO)
) (pdfescape.sty
Package: pdfescape 2019/12/09 v1.15 Implements pdfTeX's escape features (HO)
) (hycolor.sty
Package: hycolor 2020-01-27 v1.10 Color options for hyperref/bookmark (HO)
)
(letltxmacro.sty
Package: letltxmacro 2019/12/03 v1.6 Let assignment for LaTeX macros (HO)
) (auxhook.sty
Package: auxhook 2019-12-17 v1.6 Hooks for auxiliary files (HO)
) (kvoptions.sty
Package: kvoptions 2020-10-07 v3.14 Key value format for package options (HO)
)
\@linkdim=\dimen140
\Hy@linkcounter=\count193
\Hy@pagecounter=\count194
 (pd1enc.def
File: pd1enc.def 2022-02-21 v7.00n Hyperref: PDFDocEncoding definition (HO)
) (intcalc.sty
Package: intcalc 2019/12/15 v1.3 Expandable calculations with integers (HO)
)
(etexcmds.sty
Package: etexcmds 2019/12/15 v1.7 Avoid name clashes with e-TeX commands (HO)
)
\Hy@SavedSpaceFactor=\count195
 (puenc.def
File: puenc.def 2022-02-21 v7.00n Hyperref: PDF Unicode definition (HO)
)
Package hyperref Info: Hyper figures OFF on input line 4137.
Package hyperref Info: Link nesting OFF on input line 4142.
Package hyperref Info: Hyper index ON on input line 4145.
Package hyperref Info: Plain pages OFF on input line 4152.
Package hyperref Info: Backreferencing OFF on input line 4157.
Package hyperref Info: Implicit mode ON; LaTeX internals redefined.
Package hyperref Info: Bookmarks ON on input line 4390.
\c@Hy@tempcnt=\count196
 (url.sty
\Urlmuskip=\muskip16
Package: url 2013/09/16  ver 3.4  Verb mode for urls, etc.
)
LaTeX Info: Redefining \url on input line 4749.
\XeTeXLinkMargin=\dimen141
 (bitset.sty
Package: bitset 2019/12/09 v1.3 Handle bit-vector datatype (HO)
 (bigintcalc.sty
Package: bigintcalc 2019/12/15 v1.5 Expandable calculations on big integers (HO
)
))
\Fld@menulength=\count197
\Field@Width=\dimen142
\Fld@charsize=\dimen143
Package hyperref Info: Hyper figures OFF on input line 6027.
Package hyperref Info: Link nesting OFF on input line 6032.
Package hyperref Info: Hyper index ON on input line 6035.
Package hyperref Info: backreferencing OFF on input line 6042.
Package hyperref Info: Link coloring OFF on input line 6047.
Package hyperref Info: Link coloring with OCG OFF on input line 6052.
Package hyperref Info: PDF/A mode OFF on input line 6057.
LaTeX Info: Redefining \ref on input line 6097.
LaTeX Info: Redefining \pageref on input line 6101.

(atbegshi-ltx.sty
Package: atbegshi-ltx 2021/01/10 v1.0c Emulation of the original atbegshi
package with kernel methods
)
\Hy@abspage=\count198
\c@Item=\count199
\c@Hfootnote=\count266
)
Package hyperref Info: Driver (autodetected): hxetex.
 (hxetex.def
File: hxetex.def 2022-02-21 v7.00n Hyperref driver for XeTeX
 (stringenc.sty
Package: stringenc 2019/11/29 v1.12 Convert strings between diff. encodings (HO
)
)
\pdfm@box=\box50
\c@Hy@AnnotLevel=\count267
\HyField@AnnotCount=\count268
\Fld@listcount=\count269
\c@bookmark@seq@number=\count270
 (rerunfilecheck.sty
Package: rerunfilecheck 2019/12/05 v1.9 Rerun checks for auxiliary files (HO)

(atveryend-ltx.sty
Package: atveryend-ltx 2020/08/19 v1.0a Emulation of the original atveryend pac
kage
with kernel methods
) (uniquecounter.sty
Package: uniquecounter 2019/12/15 v1.4 Provide unlimited unique counter (HO)
)
Package uniquecounter Info: New unique counter `rerunfilecheck' on input line 2
86.
)
\Hy@SectionHShift=\skip49
) (graphicx.sty
Package: graphicx 2021/09/16 v1.2d Enhanced LaTeX Graphics (DPC,SPQR)
 (graphics.sty
Package: graphics 2021/03/04 v1.4d Standard LaTeX Graphics (DPC,SPQR)
 (trig.sty
Package: trig 2021/08/11 v1.11 sin cos tan (DPC)
) (graphics.cfg
File: graphics.cfg 2016/06/04 v1.11 sample graphics configuration
)
Package graphics Info: Driver file: xetex.def on input line 107.
 (xetex.def
File: xetex.def 2021/03/18 v5.0k Graphics/color driver for xetex
))
\Gin@req@height=\dimen144
\Gin@req@width=\dimen145
) (apacite.sty
Package: apacite 2013/07/21 v6.03 APA citation
\c@BibCnt=\count271
\bibleftmargin=\skip50
\bibindent=\skip51
\bibparsep=\skip52
\bibitemsep=\skip53
\biblabelsep=\skip54
) (ifthen.sty
Package: ifthen 2020/11/24 v1.1c Standard LaTeX ifthen package (DPC)
)) (tabularx.sty
Package: tabularx 2020/01/15 v2.11c `tabularx' package (DPC)

(array.sty
Package: array 2021/10/04 v2.5f Tabular extension package (FMi)
\col@sep=\dimen146
\ar@mcellbox=\box51
\extrarowheight=\dimen147
\NC@list=\toks20
\extratabsurround=\skip55
\backup@length=\skip56
\ar@cellbox=\box52
)
\TX@col@width=\dimen148
\TX@old@table=\dimen149
\TX@old@col=\dimen150
\TX@target=\dimen151
\TX@delta=\dimen152
\TX@cols=\count272
\TX@ftn=\toks21
) (booktabs.sty
Package: booktabs 2020/01/12 v1.61803398 Publication quality tables
\heavyrulewidth=\dimen153
\lightrulewidth=\dimen154
\cmidrulewidth=\dimen155
\belowrulesep=\dimen156
\belowbottomsep=\dimen157
\aboverulesep=\dimen158
\abovetopsep=\dimen159
\cmidrulesep=\dimen160
\cmidrulekern=\dimen161
\defaultaddspace=\dimen162
\@cmidla=\count273
\@cmidlb=\count274
\@aboverulesep=\dimen163
\@belowrulesep=\dimen164
\@thisruleclass=\count275
\@lastruleclass=\count276
\@thisrulewidth=\dimen165
) (enumitem.sty
Package: enumitem 2019/06/20 v3.9 Customized lists
\labelindent=\skip57
\enit@outerparindent=\dimen166
\enit@toks=\toks22
\enit@inbox=\box53
\enit@count@id=\count277
\enitdp@description=\count278
) (subcaption.sty
Package: subcaption 2022/01/07 v1.5 Sub-captions (AR)
 (caption.sty
Package: caption 2022/03/01 v3.6b Customizing captions (AR)

(caption3.sty
Package: caption3 2022/03/17 v2.3b caption3 kernel (AR)
\caption@tempdima=\dimen167
\captionmargin=\dimen168
\caption@leftmargin=\dimen169
\caption@rightmargin=\dimen170
\caption@width=\dimen171
\caption@indent=\dimen172
\caption@parindent=\dimen173
\caption@hangindent=\dimen174
Package caption Info: Standard document class detected.
)
\c@caption@flags=\count279
\c@continuedfloat=\count280
Package caption Info: hyperref package is loaded.
)
\c@subfigure=\count281
\c@subtable=\count282
) (placeins.sty
Package: placeins 2005/04/18  v 2.2
) (csquotes.sty
Package: csquotes 2021-02-22 v5.2l context-sensitive quotations (JAW)
 (etoolbox.sty
Package: etoolbox 2020/10/05 v2.5k e-TeX tools for LaTeX (JAW)
\etb@tempcnta=\count283
)
\csq@reset=\count284
\csq@gtype=\count285
\csq@glevel=\count286
\csq@qlevel=\count287
\csq@maxlvl=\count288
\csq@tshold=\count289
\csq@ltx@everypar=\toks23
 (csquotes.def
File: csquotes.def 2021-02-22 v5.2l csquotes generic definitions (JAW)
)
Package csquotes Info: Trying to load configuration file 'csquotes.cfg'...
Package csquotes Info: ... configuration file loaded successfully.

(csquotes.cfg
File: csquotes.cfg 
)) (longtable.sty
Package: longtable 2021-09-01 v4.17 Multi-page Table package (DPC)
\LTleft=\skip58
\LTright=\skip59
\LTpre=\skip60
\LTpost=\skip61
\LTchunksize=\count290
\LTcapwidth=\dimen175
\LT@head=\box54
\LT@firsthead=\box55
\LT@foot=\box56
\LT@lastfoot=\box57
\LT@gbox=\box58
\LT@cols=\count291
\LT@rows=\count292
\c@LT@tables=\count293
\c@LT@chunks=\count294
\LT@p@ftn=\toks24
) (float.sty
Package: float 2001/11/08 v1.3d Float enhancements (AL)
\c@float@type=\count295
\float@exts=\toks25
\float@box=\box59
\@float@everytoks=\toks26
\@floatcapt=\box60
)
Package hyperref Info: Option `colorlinks' set `true' on input line 58.
Package csquotes Info: Checking for multilingual support...
Package csquotes Info: ... found 'babel' package.
Package csquotes Info: Adjusting default style.
Package csquotes Info: Redefining alias 'default' -> 'spanish'.
 (l3backend-xetex.def
File: l3backend-xetex.def 2022-02-07 L3 backend support: XeTeX
\c__kernel_sys_dvipdfmx_version_int=\count296
\l__color_backend_stack_int=\count297
\g__color_backend_stack_int=\count298
\g__graphics_track_int=\count299
\l__pdf_internal_box=\box61
\g__pdf_backend_object_int=\count300
\g__pdf_backend_annotation_int=\count301
\g__pdf_backend_link_int=\count302
) (mainV3.aux
LaTeX Info: Redefining \. on input line 25.
LaTeX Info: Redefining \% on input line 25.


LaTeX Warning: Label `fig:mi_etiqueta' multiply defined.


LaTeX Warning: Label `fig:carcasa-husky-original' multiply defined.

)
\openout1 = `mainV3.aux'.

LaTeX Font Info:    Checking defaults for OML/cmm/m/it on input line 61.
LaTeX Font Info:    ... okay on input line 61.
LaTeX Font Info:    Checking defaults for OMS/cmsy/m/n on input line 61.
LaTeX Font Info:    ... okay on input line 61.
LaTeX Font Info:    Checking defaults for OT1/cmr/m/n on input line 61.
LaTeX Font Info:    ... okay on input line 61.
LaTeX Font Info:    Checking defaults for T1/cmr/m/n on input line 61.
LaTeX Font Info:    ... okay on input line 61.
LaTeX Font Info:    Checking defaults for TS1/cmr/m/n on input line 61.
LaTeX Font Info:    Trying to load font information for TS1+cmr on input line 6
1.
 (ts1cmr.fd
File: ts1cmr.fd 2019/12/16 v2.5j Standard LaTeX font definitions
)
LaTeX Font Info:    ... okay on input line 61.
LaTeX Font Info:    Checking defaults for TU/lmr/m/n on input line 61.
LaTeX Font Info:    ... okay on input line 61.
LaTeX Font Info:    Checking defaults for OMX/cmex/m/n on input line 61.
LaTeX Font Info:    ... okay on input line 61.
LaTeX Font Info:    Checking defaults for U/cmr/m/n on input line 61.
LaTeX Font Info:    ... okay on input line 61.
LaTeX Font Info:    Checking defaults for PD1/pdf/m/n on input line 61.
LaTeX Font Info:    ... okay on input line 61.
LaTeX Font Info:    Checking defaults for PU/pdf/m/n on input line 61.
LaTeX Font Info:    ... okay on input line 61.
LaTeX Info: Redefining \. on input line 61.
LaTeX Info: Redefining \% on input line 61.
 (color.sty
Package: color 2021/12/07 v1.3c Standard LaTeX Color (DPC)
 (color.cfg
File: color.cfg 2016/01/02 v1.6 sample color configuration
)
Package color Info: Driver file: xetex.def on input line 149.
)
Package hyperref Info: Link coloring ON on input line 61.
 (nameref.sty
Package: nameref 2021-04-02 v2.47 Cross-referencing by name of section
 (refcount.sty
Package: refcount 2019/12/15 v3.6 Data extraction from label references (HO)
)
(gettitlestring.sty
Package: gettitlestring 2019/12/15 v1.6 Cleanup title references (HO)
)
\c@section@level=\count303
)
LaTeX Info: Redefining \ref on input line 61.
LaTeX Info: Redefining \pageref on input line 61.
LaTeX Info: Redefining \nameref on input line 61.
 (mainV3.out) (mainV3.out)
\@outlinefile=\write3
\openout3 = `mainV3.out'.

\c@maskedRefs=\count304
 (spanish.apc
File: spanish.apc 2013/07/21 v6.03 apacite language file
LaTeX Info: Redefining \BPBI on input line 138.
LaTeX Info: Redefining \BHBI on input line 139.
)
Package caption Info: Begin \AtBeginDocument code.
Package caption Info: float package is loaded.
Package caption Info: longtable package is loaded.
 (ltcaption.sty
Package: ltcaption 2021/01/08 v1.4c longtable captions (AR)
)
Package caption Info: End \AtBeginDocument code.
File: figs/logo-udelar-fing.png Graphic file (type bmp)
<figs/logo-udelar-fing.png>

[1


]
LaTeX Font Info:    External font `cmex10' loaded for size
(Font)              <7> on input line 70.
LaTeX Font Info:    External font `cmex10' loaded for size
(Font)              <5> on input line 70.
File: figs/cc/by.png Graphic file (type bmp)
<figs/cc/by.png>

Overfull \hbox (32.49855pt too wide) in paragraph at lines 70--71
[][] 
 []

[2

] [3

] [4

]
Underfull \hbox (badness 10000) in paragraph at lines 97--104

 []


Underfull \hbox (badness 10000) in paragraph at lines 97--104

 []


Underfull \hbox (badness 10000) in paragraph at lines 97--104

 []

[5]
Overfull \hbox (9.46336pt too wide) in paragraph at lines 105--107
\TU/lmr/bx/n/10 Palabras clave: \TU/lmr/m/n/10 Robótica educativa, Pensamiento 
computacional, ESP32, Husky-
 []

[6] (mainV3.toc
LaTeX Info: Redefining \. on input line 1.
LaTeX Info: Redefining \% on input line 1.
 [7

] [8] [9])
\tf@toc=\write4
\openout4 = `mainV3.toc'.

 [10]
Capítulo 1.

Underfull \vbox (badness 2529) has occurred while \output is active []

 [1


]
[2]
Underfull \hbox (badness 10000) in paragraph at lines 173--174

 []


Underfull \hbox (badness 10000) in paragraph at lines 175--176

 []


Underfull \hbox (badness 10000) in paragraph at lines 177--178

 []

[3]
Underfull \hbox (badness 10000) in paragraph at lines 179--180

 []


Underfull \hbox (badness 10000) in paragraph at lines 181--182

 []


Underfull \hbox (badness 10000) in paragraph at lines 183--184

 []


Underfull \hbox (badness 10000) in paragraph at lines 185--186

 []


Underfull \hbox (badness 10000) in paragraph at lines 187--188

 []


Underfull \hbox (badness 10000) in paragraph at lines 189--190

 []

[4]
Capítulo 2.

Underfull \vbox (badness 10000) has occurred while \output is active []

 [5

]
[6] [7]
Overfull \hbox (4.41592pt too wide) in paragraph at lines 236--236
[]\TU/lmr/bx/n/14.4 Estado del arte internacional y regional: aná-
 []


Overfull \hbox (20.40463pt too wide) in alignment at lines 243--248
 [] [] [] [] 
 []


Overfull \hbox (20.40463pt too wide) in alignment at lines 248--252
 [] [] [] [] 
 []


Overfull \hbox (20.40463pt too wide) in alignment at lines 252--262
 [] [] [] [] 
 []

[8]
Overfull \hbox (1.87001pt too wide) in paragraph at lines 272--273
\TU/lmr/m/n/10 to Butiá representa el principal hito tecnológico autóctono del 
campo [][][]Benavides,
 []

[9] [10] [11] [12] [13] [14

]
Capítulo 3.
[15]
Overfull \hbox (0.71pt too wide) in paragraph at lines 336--337
[]\TU/lmr/m/n/10 Su compatibilidad con múltiples interfaces de comunicación (SP
I, I2C, UART
 []

[16]
Overfull \hbox (1.92226pt too wide) in paragraph at lines 433--433
 []|\TU/lmr/bx/n/9 OpenMV 
 []


Overfull \hbox (9.86026pt too wide) in paragraph at lines 433--433
 []|\TU/lmr/bx/n/9 HuskyLens 
 []


Overfull \hbox (4.40627pt too wide) in paragraph at lines 433--433
 \TU/lmr/m/n/9 croPython)| 
 []


Overfull \hbox (10.33727pt too wide) in paragraph at lines 433--433
 []|\TU/lmr/m/n/9 Programable| 
 []


Overfull \hbox (23.81027pt too wide) in paragraph at lines 433--433
 []|[]| 
 []


Overfull \hbox (11.85826pt too wide) in paragraph at lines 433--433
 []|\TU/lmr/m/n/9 MicroPython| 
 []


Overfull \hbox (1.38226pt too wide) in paragraph at lines 433--433
 []|\TU/lmr/m/n/9 Prototipos 
 []


Overfull \hbox (0.53625pt too wide) in paragraph at lines 433--433
 []|\TU/lmr/m/n/9 Educación 
 []

[17] [18]
Capítulo 4.
[19

] [20] [21] [22]
Underfull \hbox (badness 10000) in paragraph at lines 529--529
[]|\TU/lmr/m/n/10 Recursos limitados del
 []


Underfull \hbox (badness 10000) in paragraph at lines 534--534
[]|\TU/lmr/m/n/10 Comunicación mediante
 []


Underfull \hbox (badness 8132) in paragraph at lines 537--537
[]|\TU/lmr/m/n/10 Necesidad de comporta-
 []


Underfull \hbox (badness 4266) in paragraph at lines 542--542
[]|\TU/lmr/m/n/10 Separación entre percep-
 []


Underfull \hbox (badness 3690) in paragraph at lines 549--549
[]|\TU/lmr/m/n/10 Necesidad de integración
 []


Overfull \hbox (79.55717pt too wide) in paragraph at lines 525--554
 [][] 
 []

[23] [24

]
Capítulo 5.

Underfull \hbox (badness 10000) in paragraph at lines 565--566

 []


Underfull \hbox (badness 10000) in paragraph at lines 567--568

 []

[25] [26] [27] [28]
Overfull \hbox (46.59671pt too wide) in paragraph at lines 732--733
\TU/lmr/m/n/10 Lua (p.ej. \TU/lmtt/m/n/10 huskylens.init()\TU/lmr/m/n/10 , \TU/
lmtt/m/n/10 huskylens.request()\TU/lmr/m/n/10 , \TU/lmtt/m/n/10 huskylens.get_r
esults()\TU/lmr/m/n/10 ). 
 []

[29]
Overfull \hbox (62.2967pt too wide) in paragraph at lines 751--752
[]\TU/lmr/bx/n/10 Realizar el handshake \TU/lmr/m/n/10 con la Huskylens: se env
ía el comando \TU/lmtt/m/n/10 COMMAND_REQUEST_KNOCK
 []

[30]
Overfull \hbox (62.31001pt too wide) in paragraph at lines 800--807
\TU/lmr/m/n/10 se construye el frame mediante el núcleo de protocolo (\TU/lmtt/
m/n/10 husky_lens_protocol_write_begin()\TU/lmr/m/n/10 ,
 []


Overfull \hbox (34.42pt too wide) in paragraph at lines 800--807
\TU/lmtt/m/n/10 husky_lens_protocol_write_int16() \TU/lmr/m/n/10 u otros, \TU/l
mtt/m/n/10 husky_lens_protocol_write_end()\TU/lmr/m/n/10 ),
 []


Overfull \hbox (79.01pt too wide) in paragraph at lines 826--831
[]\TU/lmr/m/n/10 Para cada resultado detectado, espera un nuevo frame del proto
colo (\TU/lmtt/m/n/10 COMMAND_RETURN_BLOCK
 []

[31]
Overfull \hbox (2.5151pt too wide) in paragraph at lines 856--856
[]\TU/lmr/bx/n/14.4 Formato de datos proporcionado por Husky-
 []


Overfull \hbox (2.48001pt too wide) in paragraph at lines 867--869
[]\TU/lmr/bx/n/10 Flechas \TU/lmr/m/n/10 (\TU/lmr/m/it/10 ARROW\TU/lmr/m/n/10 )
: corresponden a vectores direccionales empleados prin-
 []

[32]
Overfull \hbox (41.26003pt too wide) in paragraph at lines 938--949
 [][] 
 []

[33] [34]
Overfull \hbox (71.79672pt too wide) in paragraph at lines 997--998
\TU/lmr/m/n/10 do las constantes expuestas en el módulo (p.ej. \TU/lmtt/m/n/10 
huskylens.ALGORITHM_OBJECT_TRACKING\TU/lmr/m/n/10 ). 
 []


Overfull \hbox (39.26001pt too wide) in paragraph at lines 998--999
[]\TU/lmr/m/n/10 Llamar a \TU/lmtt/m/n/10 huskylens.request() \TU/lmr/m/n/10 (o
 variantes como \TU/lmtt/m/n/10 huskylens.request_blocks()\TU/lmr/m/n/10 ,
 []

[35] [36

]
Capítulo 6.

Underfull \vbox (badness 2799) has occurred while \output is active []

 [37]
Overfull \hbox (31.55002pt too wide) in paragraph at lines 1028--1029
\TU/lmr/m/n/10 de \TU/lmr/bx/n/10 Ringbuffer \TU/lmr/m/n/10 (buffer circular) d
e 512 bytes denominado \TU/lmtt/m/n/10 mapper_evt_buffer_handle\TU/lmr/m/n/10 .
 
 []

LaTeX Font Info:    Font shape `TU/lmtt/bx/n' in size <10> not available
(Font)              Font shape `TU/lmtt/b/n' tried instead on input line 1032.

Overfull \hbox (0.43001pt too wide) in paragraph at lines 1039--1040
\TU/lmr/m/n/10 mentado primitivas de sincronización llamadas \TU/lmr/bx/n/10 Mu
texes \TU/lmr/m/n/10 (\TU/lmtt/m/n/10 s_mapper_map_mutex
 []

[38] [39] [40

]
Capítulo 7.
[41]
Overfull \hbox (2.1867pt too wide) in paragraph at lines 1098--1099
[]\TU/lmr/bx/n/10 Nodos de Acción\TU/lmr/m/n/10 : Encapsulan operaciones concre
tas. Devuelven \TU/lmtt/m/n/10 SUCCESS
 []


Overfull \hbox (7.9467pt too wide) in paragraph at lines 1099--1100
[]\TU/lmr/bx/n/10 Nodos de Condición\TU/lmr/m/n/10 : evalúan predicados instant
áneos y retornan \TU/lmtt/m/n/10 SUCCESS
 []

[42]
File: images/SequenceCompositionWithMemory..png Graphic file (type bmp)
<images/SequenceCompositionWithMemory..png>
File: images/SequenceCompositionWithMemoryEmulation.png Graphic file (type bmp)

<images/SequenceCompositionWithMemoryEmulation.png>


LaTeX Warning: `h' float specifier changed to `ht'.


Underfull \hbox (badness 10000) in paragraph at lines 1131--1132

 []

[43] [44]
Overfull \hbox (3.33336pt too wide) in paragraph at lines 1203--1204
[]\TU/lmr/bx/n/10 ejecución cooperativa\TU/lmr/m/n/10 , donde ningún componente
 debe bloquear la CPU; 
 []

[45]
Underfull \hbox (badness 10000) in paragraph at lines 1230--1231

 []

[46]
Overfull \hbox (12.52pt too wide) in paragraph at lines 1249--1250
\TU/lmr/m/n/10 o \TU/lmtt/m/n/10 self.counter\TU/lmr/m/n/10 . Cada acción imple
menta opcionalmente un método \TU/lmtt/m/n/10 reset()
 []

[47] [48]
Overfull \hbox (34.94997pt too wide) in paragraph at lines 1290--1291
[]\TU/lmtt/m/n/10 Mecanismo Clave\TU/lmr/m/n/10 : posee un método único llamado
 \TU/lmtt/b/n/10 should_interrupt(ctx)\TU/lmr/m/n/10 ,
 []


Overfull \hbox (9.95001pt too wide) in paragraph at lines 1299--1303
[]\TU/lmtt/b/n/10 interruptible(child, interrupts, reset_on_interrupt)\TU/lmr/m
/n/10 : funciona co-
 []

[49]
Overfull \hbox (10.21pt too wide) in paragraph at lines 1308--1309
\TU/lmr/m/n/10 raíz. El árbol mantiene un contador interno de ticks, ejecuta \T
U/lmtt/m/n/10 root:tick(ctx)
 []

[50] [51] [52

]
Capítulo 8.
[53] [54]
File: images/BTRobotito.png Graphic file (type bmp)
<images/BTRobotito.png>
 [55] [56]
Overfull \hbox (40.31003pt too wide) in paragraph at lines 1453--1454
[]\TU/lmtt/m/n/10 arrow_fault\TU/lmr/m/n/10 : inconsistencias en la detección o
 interpretación de flechas/direcciones. 
 []

[57] [58] [59] [60]
Overfull \hbox (12.38002pt too wide) in paragraph at lines 1635--1636
 []\TU/lmtt/b/n/10 stop_checkpoint_sequence[] \TU/lmr/m/n/10 Rama especializada
 para el procesamiento de check-
 []

[61] [62]
Overfull \hbox (3.23001pt too wide) in paragraph at lines 1732--1733
[]\TU/lmr/m/n/10 Reactividad: las interrupciones permiten responder inmediatame
nte a even-
 []

[63] [64]
Capítulo 9.
[65

] [66] [67] [68]
Overfull \hbox (27.30084pt too wide) in alignment at lines 1900--1906
 [] [] [] [] 
 []


Overfull \hbox (27.30084pt too wide) in alignment at lines 1906--1911
 [] [] [] [] 
 []


Overfull \hbox (27.30084pt too wide) in alignment at lines 1911--1968
 [] [] [] [] 
 []

[69] [70] [71] [72

]
Capítulo 10.
[73]
File: images/modelos3d/carcasa-original-superior.png Graphic file (type bmp)
<images/modelos3d/carcasa-original-superior.png>
File: images/modelos3d/carcasa-original-frontal.png Graphic file (type bmp)
<images/modelos3d/carcasa-original-frontal.png>
File: images/modelos3d/carcasa-original-3d.png Graphic file (type bmp)
<images/modelos3d/carcasa-original-3d.png>
File: images/modelos3d/carcasa-husky-superior.png Graphic file (type bmp)
<images/modelos3d/carcasa-husky-superior.png>
File: images/modelos3d/carcasa-husky-lateral.png Graphic file (type bmp)
<images/modelos3d/carcasa-husky-lateral.png>
File: images/modelos3d/carcasa-husky-3d.png Graphic file (type bmp)
<images/modelos3d/carcasa-husky-3d.png>
 [74] [75]
Underfull \hbox (badness 10000) in paragraph at lines 2073--2074

 []

File: images/modelos3d/carcasa-nueva-frontal.png Graphic file (type bmp)
<images/modelos3d/carcasa-nueva-frontal.png>
File: images/modelos3d/carcasa-nueva-lateral.png Graphic file (type bmp)
<images/modelos3d/carcasa-nueva-lateral.png>
File: images/modelos3d/carcasa-nueva-superior.png Graphic file (type bmp)
<images/modelos3d/carcasa-nueva-superior.png>
File: images/modelos3d/carcasa-nueva-3d.png Graphic file (type bmp)
<images/modelos3d/carcasa-nueva-3d.png>
[76] [77] [78

]
Capítulo 11.
[79] [80] [81] [82] [83] [84] [85] [86] [87] [88] [89] [90] [91] [92]
Capítulo 12.
[93

] [94] [95] [96

] (mainV3.bbl
Underfull \hbox (badness 2707) in paragraph at lines 14--38
[]\TU/lmr/m/n/10 Abeldaño, R., Bakala, E., Hitta, S., Pascale, M., Visca, J., y
 Teje-
 []


Underfull \hbox (badness 1997) in paragraph at lines 14--38
\TU/lmr/m/n/10 ra, G.  (2024, junio).  Robotito 2.0: Avances en interacción y
 []


Underfull \hbox (badness 1895) in paragraph at lines 14--38
\TU/lmr/m/n/10 usabilidad.  En \TU/lmr/m/it/10 Interacción’24.  \TU/lmr/m/n/10 
A Coruña, España.  Descarga-
 []


Underfull \hbox (badness 2158) in paragraph at lines 14--38
\TU/lmr/m/n/10 do de [][]$[][][][][] [][][] [][][][] [] [][][][][] [] [][][][] 
[] [][][] [] [][][][][] [] [][][][][][][][][] [] [][] [] [][][][] [] [][][][][]
[] []
 []


Underfull \vbox (badness 1158) has occurred while \output is active []

 [97

]
Underfull \hbox (badness 1072) in paragraph at lines 545--567
[]\TU/lmr/m/n/10 Marwan, S., Akram, B., Barnes, T., y Price, T. W.  (2022).  Ad
ap-
 []


Underfull \hbox (badness 1383) in paragraph at lines 545--567
\TU/lmr/m/n/10 tive immediate feedback for block-based programming: Design and
 []


Underfull \hbox (badness 2073) in paragraph at lines 545--567
\TU/lmr/m/n/10 evaluation.  \TU/lmr/m/it/10 IEEE Transactions on Learning Techn
ologies\TU/lmr/m/n/10 , \TU/lmr/m/it/10 15\TU/lmr/m/n/10 (3),
 []


Underfull \vbox (badness 1558) has occurred while \output is active []

 [98])
[99] [100

]
Anexo A.
[101] (mainV3.aux
LaTeX Info: Redefining \. on input line 25.
LaTeX Info: Redefining \% on input line 25.
)

LaTeX Warning: There were multiply-defined labels.

Package rerunfilecheck Info: File `mainV3.out' has not changed.
(rerunfilecheck)             Checksum: 387BAFA38D39712E8C83D73DC448F0C2;30535.
 )
Output written on mainV3.xdv (111 pages, 2086980 bytes).
